============================= test session starts =============================
platform win32 -- Python 3.13.9, pytest-9.0.1, pluggy-1.6.0 -- C:\Users\shan\workspace\casparianflow\.venv\Scripts\python.exe
cachedir: .pytest_cache
rootdir: C:\Users\shan\workspace\casparianflow
configfile: pytest.ini
plugins: anyio-4.12.0
collecting ... collected 1 item

uv : C:\Users\shan\AppData\Roaming\uv\python\cpython
-3.13.9-windows-x86_64-none\python.exe: Error while 
finding module specification for 
'casparian_flow.sidecar' (ModuleNotFoundError: No 
module named 'casparian_flow')
At line:1 char:1
+ uv run pytest tests\test_ai_full_lifecycle.py -vv 
-s > test_output.lo ...
+ ~~~~~~~~~~~~~~~~~~~~~~~~~~~~~~~~~~~~~~~~~~~~~~~~~~
~~~~~~~~~~~~~~~~~~~
    + CategoryInfo          : NotSpecified: (C:\Use 
   rs\shan\A...asparian_flow'):String) [], RemoteE  
  xception
    + FullyQualifiedErrorId : NativeCommandError
 
tests/test_ai_full_lifecycle.py::test_full_ai_lifecycle Submitted Deployment Job 1
Waiting for deployment... Registry: []
FAILED

================================== FAILURES ===================================
___________________________ test_full_ai_lifecycle ____________________________

setup_environment = (WorkerConfig(database=DatabaseConfig(connection_string='sqlite:///C:\\Users\\shan\\AppData\\Local\\Temp\\pytest-of-sh...e0/plugins'), WindowsPath('C:/Users/shan/AppData/Local/Temp/pytest-of-shan/pytest-47/test_full_ai_lifecycle0/parquet'))
test_db_session = <sqlalchemy.orm.session.Session object at 0x000001A0ED0A6F90>
unique_zmq_addr = 'tcp://127.0.0.1:54698'

    def test_full_ai_lifecycle(setup_environment, test_db_session, unique_zmq_addr):
        """
        Test the flow: Inspect -> Generate -> Sign -> Deploy -> Run -> Verify.
        """
        config, plugins_dir, parquet_dir = setup_environment
    
        # 1. Create a Dummy Data File
        data_file = plugins_dir / "data.csv"
        data_file.write_text("col1,col2\n1,10\n2,20")
    
        # 2. Simulate AI Generation (CLI Phase)
        # We'll use the real LLMGenerator but with a MockProvider
        provider = MockProvider()
        generator = LLMGenerator(provider)
    
        # Run the Generation Pipeline manually (simulating inspect_and_generate.py)
        profile = profile_file(str(data_file))
        proposal = generator.propose_schema(profile)
        plugin_code = generator.generate_plugin(proposal)
    
        # Write to disk + Sign (Simulate User Approval)
        target_path = plugins_dir / "generated_processor.py"
        target_path.write_text(plugin_code.source_code, encoding="utf-8")
    
        sig_path = plugins_dir / "generated_processor.py.sig"
        sig_path.write_text(Signer.sign(plugin_code.source_code), encoding="utf-8")
    
        assert target_path.exists()
        assert sig_path.exists()
    
        # 3. Start ZmqWorker (Infrastructure Phase)
        # This will spin up the SystemDeployer
        worker = ZmqWorker(config, zmq_addr=unique_zmq_addr)
    
        # Run worker in a separate thread because it has a blocking loop
        # Actually, we can just run one tick or rely on polling?
        # The worker.run() block. We need to run it in a thread.
    
        worker_thread = threading.Thread(target=worker.run, args=(100, 200), daemon=True)
        worker_thread.start()
    
    
        # 3b. Trigger Deployment (Simulate Scout)
        # The SystemDeployer is reactive. It needs a job to tell it to check the file.
        # In a real run, the Scout would see .py file and dispatch to system_deployer.
    
        # We need to register the system_deployer in the topic config/plugin config?
        # Actually, built-ins don't need DB config to run, but they need a Job.
    
        # Create SourceRoot for plugins_dir
        source_root_cls = FileLocation.source_root.property.mapper.class_
        sr = source_root_cls(path=str(plugins_dir))
        test_db_session.add(sr)
        test_db_session.flush()
    
        # Register the "Source" of the plugin file
        plugin_src_loc = FileLocation(source_root_id=sr.id, rel_path="generated_processor.py", filename="generated_processor.py")
        test_db_session.add(plugin_src_loc)
        test_db_session.flush()
    
        # Add Hash to Registry first (FK constraint)
        h_reg_code = FileHashRegistry(content_hash="codehash", size_bytes=len(plugin_code.source_code))
        test_db_session.add(h_reg_code)
        test_db_session.flush()
    
        plugin_ver = FileVersion(
            location_id=plugin_src_loc.id,
            content_hash="codehash",
            size_bytes=len(plugin_code.source_code),
            modified_time=datetime.now()
        )
        test_db_session.add(plugin_ver)
        test_db_session.flush()
    
        deploy_job = ProcessingJob(
            file_version_id=plugin_ver.id,
            plugin_name="system_deployer",  # The built-in name
            status=StatusEnum.QUEUED
        )
        test_db_session.add(deploy_job)
        test_db_session.commit()
        print(f"Submitted Deployment Job {deploy_job.id}")
    
        try:
            # Wait for SystemDeployer to pick up the file, send DEPLOY, and Worker to reload.
            # This is async. We poll the DB.
    
            print(f"Waiting for deployment... Registry: {list(worker.plugin_registry.keys())}")
            max_retries = 20
            deployed = False
            for _ in range(max_retries):
                test_db_session.expire_all()
                manifest = test_db_session.query(PluginManifest).filter_by(plugin_name="generated_processor").first()
                if manifest:
                    if manifest.status == PluginStatusEnum.ACTIVE:
                        deployed = True
                        break
                    elif manifest.status in [PluginStatusEnum.REJECTED, PluginStatusEnum.FAILED]:
                         print(f"Deployment rejected: {manifest.validation_error}")
                         assert False, f"Deployment rejected: {manifest.validation_error}"
    
                # Check job status
                test_db_session.expire_all()
                j = test_db_session.get(ProcessingJob, deploy_job.id)
                if j.status == StatusEnum.FAILED:
                     print(f"Deployment Job Failed: {j.error_message}")
                     assert False, f"Deployment Job Failed: {j.error_message}"
    
                time.sleep(0.5)
    
>           assert deployed, "Plugin failed to deploy within timeout"
E           AssertionError: Plugin failed to deploy within timeout
E           assert False

tests\test_ai_full_lifecycle.py:195: AssertionError
=========================== short test summary info ===========================
FAILED tests/test_ai_full_lifecycle.py::test_full_ai_lifecycle - AssertionErr...
============================= 1 failed in 10.66s ==============================
