---
source: crates/casparian/src/cli/tui/snapshot_tests.rs
assertion_line: 52
expression: plain
---
 Casparian Flow | View: Discover | WS: alpha-case | DB: duckdb | Run: 1 | Fai...

────────────────────────────────────────────────────────────────────────────────
╭ NAV ─────────────╮ [Scope] [Pattern] [Extract] [Val...┌ Inspector ───────────┐
│Views             │────────────────────────────────────│Source: alpha-lake    │
│[0] Home          │╔ PATTERN (ed╗ FOLDERS  2 folders (1│Tag: All              │
│[1] Discover      │╚════════════╝                      │Matches: 128          │
│[2] Parse┌ <SPIN> Scanning ────────────────────────────────────────────┐iting: no│
│[3] Jobs │  Path: /data/alpha                                       │         │
│[4] Sourc│                                                          │         │
│[5] Appro│  380/245 files | 42 dirs | <DUR> | 180.0 files/s           │ate>_<reg│
│[6] Query│                                                          │         │
│[7] Sessi│  /data/alpha/2024/Q1                                     │         │
│[,] Setti│                                                          │ial      │
│         │  [Esc] Cancel  [0] Home  [4] Jobs                        │         │
│Context  └──────────────────────────────────────────────────────────┘         │
│Workspace: alp... ││            ││                    ││                      │
│Source: alpha-... ││            ││                    ││                      │
│Tag: All          ││            │└────────────────────┘│                      │
│                  ││            │ 2 folders  110 files │                      │
╰──────────────────╯└────────────┘                      └──────────────────────┘
────────────────────────────────────────────────────────────────────────────────
 [e] Sample  [E] Full  [t] Apply Tag  [b] Backtest  [Esc] Exit input then [s]...
