---
source: crates/casparian/src/cli/tui/snapshot_tests.rs
expression: plain
---
 Casparian Flow | View: Home | WS: alpha-case | DB: duckdb | Run: 1 | ╭ Jobs ──────────────────────────────────────────╮
                                                                      │Running 1 Pending 1 Failed 1 Done 2             │
──────────────────────────────────────────────────────────────────────│                                                │
╭ NAV ─────────────╮┌ Quick Start: Scan a Source ─────────────────────│  [scan] alpha-lake 0%                          │
│Views             ││► alpha-lake (1280 files)                        │  [parse] trades_parser ○                       │
│[0] Home          ││  bravo-share (342 files)                        │► [test] report_rules ⚠                         │
│[1] Discover      ││  charlie-archive-long-name (9050 files)         │  [parse] broken_parser ✗                       │
│[2] Parser Bench  ││                                                 │  [schema] schema_seeds ✓                       │
│[3] Jobs          ││                                                 │                                                │
│[4] Sources       ││                                                 │                                                │
│[5] Approvals     ││                                                 │                                                │
│[6] Query         ││                                                 │                                                │
│[7] Sessions      ││                                                 │                                                │
│[,] Settings      ││                                                 │                                                │
│                  ││                                                 │                                                │
│Context           ││                                                 │                                                │
│Workspace: alp... ││                                                 │                                                │
│Sources: 3        ││                                                 │                                                │
│                  ││                                                 │                                                │
│                  ││                                                 │                                                │
│                  ││                                                 │                                                │
│                  │└─────────────────────────────────────────────────│                                                │
│                  │┌ Readiness ──────────────────────────────────────│                                                │
│                  ││Running 0  Pending 0  Failed 0                   │                                                │
│                  ││                                                 │                                                │
│                  ││READY OUTPUTS                                    │                                                │
│                  ││No ready outputs.                                │                                                │
│                  ││                                                 │                                                │
│                  ││ACTIVE RUNS                                      │                                                │
│                  ││No active runs.                                  │                                                │
│                  ││                                                 │                                                │
│                  ││WARNINGS                                         │                                                │
│                  ││No warnings.                                     │                                                │
│                  ││                                                 │                                                │
│                  ││                                                 │                                                │
│                  ││                                                 │                                                │
╰──────────────────╯└─────────────────────────────────────────────────│                                                │
──────────────────────────────────────────────────────────────────────│[Enter] Open Jobs  [3] Full Jobs View  [J/Esc] C│
                        [Enter] Open  [s] Scan  <SPIN> Filter  [r] Refres│                                                │
                                                                      ╰────────────────────────────────────────────────╯
