---
source: crates/casparian/src/cli/tui/snapshot_tests.rs
expression: plain
---
 Casparian Flow | View: Discover | WS: alpha-case | DB: duckdb | Run: 1 | Fail: 1 | Quarantine: 16

────────────────────────────────────────────────────────────────────────────────────────────────────────────────────────
╭ NAV ─────────────╮ [Scope] [Pattern] [Extract] [Validate]  |  Source: alpha-lak...┌ Inspector ───────────────────────┐
│Views             │────────────────────────────────────────────────────────────────│Source: alpha-lake                │
│[0] Home          │╔ PATTERN (editing) ═════╗ FOLDERS  2 folders (110 files)  [Ente│Tag: All                          │
│[1] Discover      │║**/reports/<date>_<regio║                                      │Matches: 128                      │
│[2] Parser Bench  │╚════════════════════════╝┌────────────────────────────────────┐│Dirty: no  Editing: no            │
│[3] Jobs          │┌ EXCLUDES (2) ──────────┐│  ▼ reports/2024/Q3/    (42)  report││                                  │
│[4] Sources       ││  **/archive/**         ││  ▸ reports/2024/Q4/    (68)  report││Pattern:                          │
│[5] Approvals     ││  **/*.tm┌ Tagging Rules ───────────────────────────────────────────┐ports/<date>_<region>.csv    │
│[6] Query         │└─────────│  Pattern              Tag        On                      │tag: report.financial        │
│[7] Sessions      │┌ TAG ────│  ────────────────────────────────────────────            │                             │
│[,] Settings      ││report.fi│  reports/**/*.csv    report      ✓                       │                             │
│                  │└─────────│► trades/**/*.par...  trade       ✓                       │                             │
│Context           │┌ EXTRACTI│  archive/**/*.zip    archive                             │                             │
│Workspace: alp... ││  date fi│                                                          │                             │
│Source: alpha-... ││  region │                                                          │                             │
│Tag: All          ││         │                                                          │                             │
│                  │└─────────│                                                          │                             │
│                  │┌ OPTIONS │                                                          │                             │
│                  ││[x] Enabl│                                                          │                             │
│                  │└─────────│                                                          │                             │
│                  │┌ SUGGESTI│                                                          │                             │
│                  ││  Scan fi│                                                          │                             │
│                  ││         │                                                          │                             │
│                  ││         │                                                          │                             │
│                  ││         │  [n] New  [e] Edit  [d] Del  [Enter] Toggle  [Esc] Close │                             │
│                  ││         │                                                          │                             │
│                  ││         └──────────────────────────────────────────────────────────┘                             │
│                  ││                        ││                                    ││                                  │
│                  ││                        ││                                    ││                                  │
│                  ││                        ││                                    ││                                  │
│                  ││                        ││                                    ││                                  │
│                  ││                        │└────────────────────────────────────┘│                                  │
│                  ││                        │ 2 folders  110 files matched  Selecte│                                  │
╰──────────────────╯└────────────────────────┘                                      └──────────────────────────────────┘
────────────────────────────────────────────────────────────────────────────────────────────────────────────────────────
 [e] Sample  [E] Full  [t] Apply Tag  [b] Backtest  [Esc] Exit input then [s] Scan  [Ctrl+S] Save  [Ctrl+N] Clear  [I...
