---
source: crates/casparian/src/cli/tui/snapshot_tests.rs
expression: plain
---
 Casparian Flow | View: Discover | WS: alpha-case | DB: duckdb | Run: 1 | Fail: 1 | Quarantine: 16

────────────────────────────────────────────────────────────────────────────────────────────────────────────────────────
╭ NAV ─────────────╮ [Scope] [Pattern] [Extract] [Validate]  |  Source: alpha-lak...┌ Inspector ───────────────────────┐
│Views             │────────────────────────────────────────────────────────────────│Source: alpha-lake                │
│[0] Home          │┌ PATTERN ───────────────┐ RESULTS [Fail]  a/p/f to filter      │Tag: report                       │
│[1] Discover      ││**/reports/<date>_<regio│                                      │Matches: 128                      │
│[2] Parser Bench  │└────────────────────────┘┌────────────────────────────────────┐│Dirty: no  Editing: no            │
│[3] Jobs          │┌ EXCLUDES (2) ──────────┐│[x] ► ✗ report_2024-10-02_eu.csv    ││                                  │
│[4] Sources       ││  **/archive/**         ││[x]   ✗ report_2024-10-03_apac.csv  ││Pattern:                          │
│[5] Approvals     ││  **/*.tmp              ││                                    ││**/reports/<date>_<region>.csv    │
│[6] Query         │└────────────────────────┘│                                    ││Rule tag: report.financial        │
│[7] Sessions      │┌ TAG ───────────────────┐│                                    ││                                  │
│[,] Settings      ││report.financial        ││                                    ││                                  │
│                  │└────────────────────────┘│                                    ││                                  │
│Context           │┌ EXTRACTIONS (2) ───────┐│                                    ││                                  │
│Workspace: alp... ││  date filename ✓       ││                                    ││                                  │
│Source: alpha-... ││  region segment(-1) ✓  ││                                    ││                                  │
│Tag: report       ││                        ││                                    ││                                  │
│                  │└────────────────────────┘│                                    ││                                  │
│                  │┌ OPTIONS ───────────────┐│                                    ││                                  │
│                  ││[x] Enable rule  [x] Run││                                    ││                                  │
│                  │└────────────────────────┘│                                    ││                                  │
│                  │┌ SUGGESTIONS ───────────┐│                                    ││                                  │
│                  ││  Scan files to see sugg││                                    ││                                  │
│                  ││                        ││                                    ││                                  │
│                  ││                        ││                                    ││                                  │
│                  ││                        ││                                    ││                                  │
│                  ││                        ││                                    ││                                  │
│                  ││                        ││                                    ││                                  │
│                  ││                        ││                                    ││                                  │
│                  ││                        ││                                    ││                                  │
│                  ││                        ││                                    ││                                  │
│                  ││                        ││                                    ││                                  │
│                  ││                        │└────────────────────────────────────┘│                                  │
│                  ││                        │ Pass: 1  Fail: 2  Skip: 1  Selected: │                                  │
╰──────────────────╯└────────────────────────┘                                      └──────────────────────────────────┘
────────────────────────────────────────────────────────────────────────────────────────────────────────────────────────
   [e] Sample  [E] Full  [t] Apply Tag  [b] Backtest  [s] Scan  [Ctrl+S] Save  [Ctrl+N] Clear  [I] Inspector  [?] Help
