---
source: crates/casparian/src/cli/tui/snapshot_tests.rs
expression: plain
---
 Casparian Flow | View: Parser Bench | WS: alpha-case | DB: duckdb | Run: 1 |...

────────────────────────────────────────────────────────────────────────────────
╭ NAV ─────────────╮┌ Parsers (/┐┌ report_parser ──────┐┌ Inspector ───────────┐
│Views             ││<SPIN> filter ││  Name:     report_pa││Name: report_parser   │
│[0] Home          ││  ● trades_││  Version:  0.9.1    ││Version: 0.9.1        │
│[1] Discover      ││▸ ⚠ report_││  Topics:   report   ││Health: ⚠             │
│[2] Parser Bench  ││  ⏸ legacy_││  Path:     ...//demo││Path:                 │
│[3] Jobs          ││           ││  Health:   ⚠ Warning││.../low/parsers/report│
│[4] Sources       ││           ││  Modified: 2024-09-3││_parser.py            │
│[5] Approvals     ││           │└─────────────────────┘│Modified: 2024-09-30  │
│[6] Query         ││           │┌ Bound Files (3) ────┐│22:30                 │
│[7] Sessions      ││           ││ ✓ .../trades/2024/09││                      │
│[,] Settings      ││           ││ ○ .../trades/2024/10││                      │
│                  ││           ││ ✗ .../trades/2024/10││                      │
│Context           ││           ││                     ││                      │
│Workspace: alp... ││           ││                     ││                      │
│Filter: (none)    ││           ││                     ││                      │
│                  ││           ││                     ││                      │
│                  ││           ││                     ││                      │
╰──────────────────╯└───────────┘└─────────────────────┘└──────────────────────┘
────────────────────────────────────────────────────────────────────────────────
  [↑/↓] Navigate  [t] Test  [n] Quick test  <SPIN> Filter  [I] Inspector  [?] Help
