---
source: crates/casparian/src/cli/tui/snapshot_tests.rs
expression: plain
---
 Casparian Flow | View: Discover | WS: alpha-case | DB: duckdb | Run: 1 | Fai...

────────────────────────────────────────────────────────────────────────────────
╭ NAV ─────────────╮ [Scope] [Pattern] [Extract] [Val...┌ Inspector ───────────┐
│Views             │────────────────────────────────────│Source: (none)        │
│[0] Home          │╔ PATTERN (ed╗ FOLDERS  0 folders (0│Tag: All              │
│[1] Discover      │╚════════════╝                      │Matches: 0            │
│[2] Parser Bench  │┌ EXCLUDES (0┐┌────────────────────┐│Dirty: no  Editing: no│
│[3] Jobs          │┌ TAG ───────┐│  No matching folder││                      │
│[4] Sources       │└────────────┘│                    ││Pattern:              │
│[5] Approvals     │┌ EXTRACTIONS┐│                    ││                      │
│[6] Query         │┌ OPTIONS ───┐│                    ││                      │
│[7] Sessions      │└────────────┘│                    ││                      │
│[,] Settings      │┌ SUGGESTIONS┐│                    ││                      │
│                  ││  Scan files││                    ││                      │
│Context           ││            ││                    ││                      │
│Workspace: alp... ││            ││                    ││                      │
│Source: (none)    ││            ││                    ││                      │
│Tag: All          ││            │└────────────────────┘│                      │
│                  ││            │ Type a pattern to fin│                      │
╰──────────────────╯└────────────┘                      └──────────────────────┘
────────────────────────────────────────────────────────────────────────────────
 [e] Sample  [E] Full  [t] Apply Tag  [b] Backtest  [Esc] Exit input then [s]...
