---
source: crates/casparian/src/cli/tui/snapshot_tests.rs
expression: plain
---
 Casparian Flow | View: Home |╭ Jobs ──────────────────────────────────────────╮
                              │Running 1 Pending 1 Failed 1 Done 2             │
──────────────────────────────│                                                │
╭ NAV ─────────────╮┌ Quick St│  [scan] alpha-lake 0%                          │
│Views             ││► alpha-l│  [parse] trades_parser ○                       │
│[0] Home          ││  bravo-s│► [test] report_rules ⚠                         │
│[1] Discover      ││  charlie│  [parse] broken_parser ✗                       │
│[2] Parser Bench  ││         │  [schema] schema_seeds ✓                       │
│[3] Jobs          ││         │                                                │
│[4] Sources       ││         │                                                │
│[5] Approvals     ││         │                                                │
│[6] Query         ││         │                                                │
│[7] Sessions      │└─────────│                                                │
│[,] Settings      │┌ Readines│                                                │
│                  ││Running 0│                                                │
│Context           ││         │                                                │
│Workspace: alp... ││READY OUT│                                                │
│Sources: 3        ││No ready │                                                │
│                  ││         │                                                │
│                  ││ACTIVE RU│                                                │
╰──────────────────╯└─────────│                                                │
──────────────────────────────│[Enter] Open Jobs  [3] Full Jobs View  [J/Esc] C│
    [Enter] Open  [s] Scan  [/│                                                │
                              ╰────────────────────────────────────────────────╯
