---
source: crates/casparian/src/cli/tui/snapshot_tests.rs
expression: plain
---
 Casparian Flow | View: Home | WS: alpha-case | DB: duckdb | Run: 1 | Fail: 1...

────────────────────────────────────────────────────────────────────────────────
╭ NAV ─────────────╮┌ Quick Start: Scan a Source ──────┐┌ Inspector ───────────┐
│Views             ││► alpha-lake (1280 files)         ││Name: alpha-lake      │
│[0] Home          ││  bravo-share (342 files)         ││Path: /data/alpha     │
│[1] Discover      ││  charlie-archive-long-name (9050 ││Files: 1280           │
│[2] Parser Bench  ││                                  ││                      │
│[3] Jobs   ╭ / Command ───────────────────────────────────────────╮           │
│[4] Sources│ scan /data_                                          │           │
│[5] Approva│                                                      │           │
│[6] Query  │   No suggestions                                     │           │
│[7] Session│                                                      │           │
│[,] Setting│[Tab] Mode  [Up/Down] Select  [Enter] Run  [Esc] Close│           │
│           ╰──────────────────────────────────────────────────────╯           │
│Context           ││                                  ││                      │
│Workspace: alp... ││READY OUTPUTS                     ││                      │
│Sources: 3        ││No ready outputs.                 ││                      │
│                  ││                                  ││                      │
│                  ││ACTIVE RUNS                       ││                      │
╰──────────────────╯└──────────────────────────────────┘└──────────────────────┘
────────────────────────────────────────────────────────────────────────────────
    [Enter] Open  [s] Scan  <SPIN> Filter  [r] Refresh  [I] Inspector  [?] Help
